// Jest Snapshot v1, https://goo.gl/fbAQLP

exports[`Test component <AboutDark />  Test snapshot 1`] = `
<Fragment>
  <div
    className="about_inner"
  >
    <div
      className="left"
    >
      <img
        alt=""
        src="img/thumbs/1-1.png"
      />
      <div
        className="image"
        style={
          Object {
            "backgroundImage": "url(img/thumbs/1-1.png)",
          }
        }
      />
    </div>
    <div
      className="right wow fadeInLeft"
      data-wow-delay="0.3s"
      data-wow-duration="1.2s"
    >
      <div
        className="short"
      >
        <h3>
           
          About.myName
        </h3>
        <h5>
          About.profesion
           
          <span
            className="theme-color"
          >
            Web & Developer 
          </span>
          About.region
          <span
            className="theme-color"
          >
             
            About.country
          </span>
        </h5>
        <p>
          About.bio
        </p>
      </div>
      <div
        className="extra"
      >
        <h3
          className="title"
        >
          About.titleinfo
        </h3>
        <div
          className="list"
        >
          <ul>
            <li>
              <p>
                <span>
                  About.titleName
                   :
                </span>
                 Jaime Hernández
              </p>
            </li>
            <li>
              <p>
                <span>
                  Freelance :
                </span>
                 
                About.FreelanceAvailable
              </p>
            </li>
            <li>
              <p>
                <span>
                  About.titleTwitter
                   :
                </span>
                 HsJhernandez
              </p>
            </li>
            <li>
              <p>
                <span>
                  About.titleAdress
                   :
                </span>
                 Santiago, Chile
              </p>
            </li>
            <li>
              <p>
                <span>
                  About.titleEmail
                   :
                </span>
                 hernandez.hs@gmail.com
              </p>
            </li>
            <li>
              <p>
                <span>
                  About.titleLanguagles
                   :
                </span>
                 Spanish, English
              </p>
            </li>
          </ul>
        </div>
        <div
          className="beny_tm_button color-outline"
        >
          <a
            download={true}
            href="About.LinkCV"
          >
            <span
              className="wrapper"
            >
              <span
                className="first"
              >
                About.DownloadCV
              </span>
              <span
                className="second"
              >
                About.DownloadCV
              </span>
            </span>
          </a>
        </div>
      </div>
    </div>
  </div>
  <Skills />
</Fragment>
`;
